// Jest Snapshot v1, https://goo.gl/fbAQLP

exports[`Should render an operator selector 1`] = `
<div
  class="operator-selector"
>
  <div
    class="operator"
  >
    <div
      class="label"
    >
      between
    </div>
    <div
      class="arrow"
    />
  </div>
  <div
    class="min-input"
  >
    <input
      type="text"
      value="0"
    />
  </div>
  <div
    class="between-label"
  >
    and
  </div>
  <div
    class="max-input"
  >
    <input
      type="text"
      value="10"
    />
  </div>
</div>
`;
